// Jest Snapshot v1, https://goo.gl/fbAQLP

exports[`ComparisonSection renders comparison section 1`] = `"<tr class=\\"gray-bg\\"><th>System information</th><th>University of Iceland</th><th>UT Rocket</th><td></td><td></td></tr><tr><td>CPU model</td><td></td><td><span><i class=\\"fa fa-check\\"></i> Intel Xeon Gold 6132<br/></span><span><i class=\\"fa fa-check\\"></i> Intel Xeon E5-2680v3<br/></span></td><td></td><td></td></tr><tr><td>ISKE certified</td><td><i class=\\"fa fa-check text-info\\"></i></td><td><i class=\\"fa fa-times text-danger\\"></i></td><td></td><td></td></tr><tr><td>GPU model</td><td>N/A</td><td>N/A</td><td></td><td></td></tr><tr><td>ISKE certified</td><td>/opt/</td><td>/opt/</td><td></td><td></td></tr>"`;
